This is pdfTeX, Version 3.141592653-2.6-1.40.25 (MiKTeX 24.1) (preloaded format=pdflatex 2025.12.21)  10 FEB 2026 15:17
entering extended mode
 restricted \write18 enabled.
 file:line:error style messages enabled.
 %&-line parsing enabled.
**c:/Users/danie/Documents/GitHub/PM-Papyrus/master-thesis-daniel-capannini/thesis-main.tex
(c:/Users/danie/Documents/GitHub/PM-Papyrus/master-thesis-daniel-capannini/thesis-main.tex
LaTeX2e <2023-11-01> patch level 1
L3 programming layer <2024-01-04>
(C:\Users\danie\AppData\Local\Programs\MiKTeX\tex/latex/base\book.cls
Document Class: book 2023/05/17 v1.4n Standard LaTeX document class
(C:\Users\danie\AppData\Local\Programs\MiKTeX\tex/latex/base\bk12.clo
File: bk12.clo 2023/05/17 v1.4n Standard LaTeX file (size option)
)
\c@part=\count187
\c@chapter=\count188
\c@section=\count189
\c@subsection=\count190
\c@subsubsection=\count191
\c@paragraph=\count192
\c@subparagraph=\count193
\c@figure=\count194
\c@table=\count195
\abovecaptionskip=\skip48
\belowcaptionskip=\skip49
\bibindent=\dimen140
) (C:\Users\danie\AppData\Local\Programs\MiKTeX\tex/latex/base\inputenc.sty
Package: inputenc 2021/02/14 v1.3d Input encoding file
\inpenc@prehook=\toks17
\inpenc@posthook=\toks18
) (disi-thesis.sty (C:\Users\danie\AppData\Local\Programs\MiKTeX\tex/generic/babel\babel.sty
Package: babel 2024/01/07 v24.1 The Babel package
\babel@savecnt=\count196
\U@D=\dimen141
\l@unhyphenated=\language79
 (C:\Users\danie\AppData\Local\Programs\MiKTeX\tex/generic/babel\txtbabel.def)
\bbl@readstream=\read2
\bbl@dirlevel=\count197

*************************************
* Local config file bblopts.cfg used
*
(C:\Users\danie\AppData\Local\Programs\MiKTeX\tex/latex/arabi\bblopts.cfg
File: bblopts.cfg 2005/09/08 v0.1 add Arabic and Farsi to "declared" options of babel
) (C:\Users\danie\AppData\Local\Programs\MiKTeX\tex/latex/babel-english\english.ldf
Language: english 2017/06/06 v3.3r English support from the babel system
Package babel Info: Hyphen rules for 'canadian' set to \l@english
(babel)             (\language0). Reported on input line 102.
Package babel Info: Hyphen rules for 'australian' set to \l@ukenglish
(babel)             (\language73). Reported on input line 105.
Package babel Info: Hyphen rules for 'newzealand' set to \l@ukenglish
(babel)             (\language73). Reported on input line 108.
)) (C:\Users\danie\AppData\Local\Programs\MiKTeX\tex/generic/babel/locale/en\babel-english.tex
Package babel Info: Importing font and identification data for english
(babel)             from babel-en.ini. Reported on input line 11.
) (C:\Users\danie\AppData\Local\Programs\MiKTeX\tex/latex/hyperref\hyperref.sty
Package: hyperref 2023-11-26 v7.01g Hypertext links for LaTeX
 (C:\Users\danie\AppData\Local\Programs\MiKTeX\tex/generic/iftex\iftex.sty
Package: iftex 2022/02/03 v1.0f TeX engine tests
) (C:\Users\danie\AppData\Local\Programs\MiKTeX\tex/generic/infwarerr\infwarerr.sty
Package: infwarerr 2019/12/03 v1.5 Providing info/warning/error messages (HO)
) (C:\Users\danie\AppData\Local\Programs\MiKTeX\tex/latex/graphics\keyval.sty
Package: keyval 2022/05/29 v1.15 key=value parser (DPC)
\KV@toks@=\toks19
) (C:\Users\danie\AppData\Local\Programs\MiKTeX\tex/latex/kvsetkeys\kvsetkeys.sty
Package: kvsetkeys 2022-10-05 v1.19 Key value parser (HO)
) (C:\Users\danie\AppData\Local\Programs\MiKTeX\tex/generic/kvdefinekeys\kvdefinekeys.sty
Package: kvdefinekeys 2019-12-19 v1.6 Define keys (HO)
) (C:\Users\danie\AppData\Local\Programs\MiKTeX\tex/generic/pdfescape\pdfescape.sty
Package: pdfescape 2019/12/09 v1.15 Implements pdfTeX's escape features (HO)
 (C:\Users\danie\AppData\Local\Programs\MiKTeX\tex/generic/ltxcmds\ltxcmds.sty
Package: ltxcmds 2023-12-04 v1.26 LaTeX kernel commands for general use (HO)
) (C:\Users\danie\AppData\Local\Programs\MiKTeX\tex/generic/pdftexcmds\pdftexcmds.sty
Package: pdftexcmds 2020-06-27 v0.33 Utility functions of pdfTeX for LuaTeX (HO)
Package pdftexcmds Info: \pdf@primitive is available.
Package pdftexcmds Info: \pdf@ifprimitive is available.
Package pdftexcmds Info: \pdfdraftmode found.
)) (C:\Users\danie\AppData\Local\Programs\MiKTeX\tex/latex/hycolor\hycolor.sty
Package: hycolor 2020-01-27 v1.10 Color options for hyperref/bookmark (HO)
) (C:\Users\danie\AppData\Local\Programs\MiKTeX\tex/latex/letltxmacro\letltxmacro.sty
Package: letltxmacro 2019/12/03 v1.6 Let assignment for LaTeX macros (HO)
) (C:\Users\danie\AppData\Local\Programs\MiKTeX\tex/latex/auxhook\auxhook.sty
Package: auxhook 2019-12-17 v1.6 Hooks for auxiliary files (HO)
) (C:\Users\danie\AppData\Local\Programs\MiKTeX\tex/latex/hyperref\nameref.sty
Package: nameref 2023-11-26 v2.56 Cross-referencing by name of section
 (C:\Users\danie\AppData\Local\Programs\MiKTeX\tex/latex/refcount\refcount.sty
Package: refcount 2019/12/15 v3.6 Data extraction from label references (HO)
) (C:\Users\danie\AppData\Local\Programs\MiKTeX\tex/generic/gettitlestring\gettitlestring.sty
Package: gettitlestring 2019/12/15 v1.6 Cleanup title references (HO)
 (C:\Users\danie\AppData\Local\Programs\MiKTeX\tex/latex/kvoptions\kvoptions.sty
Package: kvoptions 2022-06-15 v3.15 Key value format for package options (HO)
))
\c@section@level=\count198
) (C:\Users\danie\AppData\Local\Programs\MiKTeX\tex/latex/etoolbox\etoolbox.sty
Package: etoolbox 2020/10/05 v2.5k e-TeX tools for LaTeX (JAW)
\etb@tempcnta=\count199
)
\@linkdim=\dimen142
\Hy@linkcounter=\count266
\Hy@pagecounter=\count267
 (C:\Users\danie\AppData\Local\Programs\MiKTeX\tex/latex/hyperref\pd1enc.def
File: pd1enc.def 2023-11-26 v7.01g Hyperref: PDFDocEncoding definition (HO)
Now handling font encoding PD1 ...
... no UTF-8 mapping file for font encoding PD1
) (C:\Users\danie\AppData\Local\Programs\MiKTeX\tex/generic/intcalc\intcalc.sty
Package: intcalc 2019/12/15 v1.3 Expandable calculations with integers (HO)
)
\Hy@SavedSpaceFactor=\count268
 (C:\Users\danie\AppData\Local\Programs\MiKTeX\tex/latex/hyperref\puenc.def
File: puenc.def 2023-11-26 v7.01g Hyperref: PDF Unicode definition (HO)
Now handling font encoding PU ...
... no UTF-8 mapping file for font encoding PU
)
Package hyperref Info: Hyper figures OFF on input line 4181.
Package hyperref Info: Link nesting OFF on input line 4186.
Package hyperref Info: Hyper index ON on input line 4189.
Package hyperref Info: Plain pages OFF on input line 4196.
Package hyperref Info: Backreferencing OFF on input line 4201.
Package hyperref Info: Implicit mode ON; LaTeX internals redefined.
Package hyperref Info: Bookmarks ON on input line 4448.
\c@Hy@tempcnt=\count269
 (C:\Users\danie\AppData\Local\Programs\MiKTeX\tex/latex/url\url.sty
\Urlmuskip=\muskip16
Package: url 2013/09/16  ver 3.4  Verb mode for urls, etc.
)
LaTeX Info: Redefining \url on input line 4786.
\XeTeXLinkMargin=\dimen143
 (C:\Users\danie\AppData\Local\Programs\MiKTeX\tex/generic/bitset\bitset.sty
Package: bitset 2019/12/09 v1.3 Handle bit-vector datatype (HO)
 (C:\Users\danie\AppData\Local\Programs\MiKTeX\tex/generic/bigintcalc\bigintcalc.sty
Package: bigintcalc 2019/12/15 v1.5 Expandable calculations on big integers (HO)
))
\Fld@menulength=\count270
\Field@Width=\dimen144
\Fld@charsize=\dimen145
Package hyperref Info: Hyper figures OFF on input line 6065.
Package hyperref Info: Link nesting OFF on input line 6070.
Package hyperref Info: Hyper index ON on input line 6073.
Package hyperref Info: backreferencing OFF on input line 6080.
Package hyperref Info: Link coloring OFF on input line 6085.
Package hyperref Info: Link coloring with OCG OFF on input line 6090.
Package hyperref Info: PDF/A mode OFF on input line 6095.
 (C:\Users\danie\AppData\Local\Programs\MiKTeX\tex/latex/base\atbegshi-ltx.sty
Package: atbegshi-ltx 2021/01/10 v1.0c Emulation of the original atbegshi
package with kernel methods
)
\Hy@abspage=\count271
\c@Item=\count272
\c@Hfootnote=\count273
)
Package hyperref Info: Driver (autodetected): hpdftex.
 (C:\Users\danie\AppData\Local\Programs\MiKTeX\tex/latex/hyperref\hpdftex.def
File: hpdftex.def 2023-11-26 v7.01g Hyperref driver for pdfTeX
 (C:\Users\danie\AppData\Local\Programs\MiKTeX\tex/latex/base\atveryend-ltx.sty
Package: atveryend-ltx 2020/08/19 v1.0a Emulation of the original atveryend package
with kernel methods
)
\Fld@listcount=\count274
\c@bookmark@seq@number=\count275
 (C:\Users\danie\AppData\Local\Programs\MiKTeX\tex/latex/rerunfilecheck\rerunfilecheck.sty
Package: rerunfilecheck 2025-06-21 v1.11 Rerun checks for auxiliary files (HO)
 (C:\Users\danie\AppData\Local\Programs\MiKTeX\tex/generic/uniquecounter\uniquecounter.sty
Package: uniquecounter 2019/12/15 v1.4 Provide unlimited unique counter (HO)
)
Package uniquecounter Info: New unique counter `rerunfilecheck' on input line 284.
)
\Hy@SectionHShift=\skip50
) (C:\Users\danie\AppData\Local\Programs\MiKTeX\tex/latex/graphics\graphicx.sty
Package: graphicx 2021/09/16 v1.2d Enhanced LaTeX Graphics (DPC,SPQR)
 (C:\Users\danie\AppData\Local\Programs\MiKTeX\tex/latex/graphics\graphics.sty
Package: graphics 2022/03/10 v1.4e Standard LaTeX Graphics (DPC,SPQR)
 (C:\Users\danie\AppData\Local\Programs\MiKTeX\tex/latex/graphics\trig.sty
Package: trig 2021/08/11 v1.11 sin cos tan (DPC)
) (C:\Users\danie\AppData\Local\Programs\MiKTeX\tex/latex/graphics-cfg\graphics.cfg
File: graphics.cfg 2016/06/04 v1.11 sample graphics configuration
)
Package graphics Info: Driver file: pdftex.def on input line 107.
 (C:\Users\danie\AppData\Local\Programs\MiKTeX\tex/latex/graphics-def\pdftex.def
File: pdftex.def 2022/09/22 v1.2b Graphics/color driver for pdftex
))
\Gin@req@height=\dimen146
\Gin@req@width=\dimen147
) (C:\Users\danie\AppData\Local\Programs\MiKTeX\tex/latex/amsfonts\amssymb.sty
Package: amssymb 2013/01/14 v3.01 AMS font symbols
 (C:\Users\danie\AppData\Local\Programs\MiKTeX\tex/latex/amsfonts\amsfonts.sty
Package: amsfonts 2013/01/14 v3.01 Basic AMSFonts support
\@emptytoks=\toks20
\symAMSa=\mathgroup4
\symAMSb=\mathgroup5
LaTeX Font Info:    Redeclaring math symbol \hbar on input line 98.
LaTeX Font Info:    Overwriting math alphabet `\mathfrak' in version `bold'
(Font)                  U/euf/m/n --> U/euf/b/n on input line 106.
)) (C:\Users\danie\AppData\Local\Programs\MiKTeX\tex/latex/amsmath\amsmath.sty
Package: amsmath 2023/05/13 v2.17o AMS math features
\@mathmargin=\skip51

For additional information on amsmath, use the `?' option.
(C:\Users\danie\AppData\Local\Programs\MiKTeX\tex/latex/amsmath\amstext.sty
Package: amstext 2021/08/26 v2.01 AMS text
 (C:\Users\danie\AppData\Local\Programs\MiKTeX\tex/latex/amsmath\amsgen.sty
File: amsgen.sty 1999/11/30 v2.0 generic functions
\@emptytoks=\toks21
\ex@=\dimen148
)) (C:\Users\danie\AppData\Local\Programs\MiKTeX\tex/latex/amsmath\amsbsy.sty
Package: amsbsy 1999/11/29 v1.2d Bold Symbols
\pmbraise@=\dimen149
) (C:\Users\danie\AppData\Local\Programs\MiKTeX\tex/latex/amsmath\amsopn.sty
Package: amsopn 2022/04/08 v2.04 operator names
)
\inf@bad=\count276
LaTeX Info: Redefining \frac on input line 234.
\uproot@=\count277
\leftroot@=\count278
LaTeX Info: Redefining \overline on input line 399.
LaTeX Info: Redefining \colon on input line 410.
\classnum@=\count279
\DOTSCASE@=\count280
LaTeX Info: Redefining \ldots on input line 496.
LaTeX Info: Redefining \dots on input line 499.
LaTeX Info: Redefining \cdots on input line 620.
\Mathstrutbox@=\box51
\strutbox@=\box52
LaTeX Info: Redefining \big on input line 722.
LaTeX Info: Redefining \Big on input line 723.
LaTeX Info: Redefining \bigg on input line 724.
LaTeX Info: Redefining \Bigg on input line 725.
\big@size=\dimen150
LaTeX Font Info:    Redeclaring font encoding OML on input line 743.
LaTeX Font Info:    Redeclaring font encoding OMS on input line 744.
\macc@depth=\count281
LaTeX Info: Redefining \bmod on input line 905.
LaTeX Info: Redefining \pmod on input line 910.
LaTeX Info: Redefining \smash on input line 940.
LaTeX Info: Redefining \relbar on input line 970.
LaTeX Info: Redefining \Relbar on input line 971.
\c@MaxMatrixCols=\count282
\dotsspace@=\muskip17
\c@parentequation=\count283
\dspbrk@lvl=\count284
\tag@help=\toks22
\row@=\count285
\column@=\count286
\maxfields@=\count287
\andhelp@=\toks23
\eqnshift@=\dimen151
\alignsep@=\dimen152
\tagshift@=\dimen153
\tagwidth@=\dimen154
\totwidth@=\dimen155
\lineht@=\dimen156
\@envbody=\toks24
\multlinegap=\skip52
\multlinetaggap=\skip53
\mathdisplay@stack=\toks25
LaTeX Info: Redefining \[ on input line 2953.
LaTeX Info: Redefining \] on input line 2954.
) (C:\Users\danie\AppData\Local\Programs\MiKTeX\tex/latex/cleveref\cleveref.sty
Package: cleveref 2018/03/27 v0.21.4 Intelligent cross-referencing
Package cleveref Info: `hyperref' support loaded on input line 2370.
LaTeX Info: Redefining \cref on input line 2370.
LaTeX Info: Redefining \Cref on input line 2370.
LaTeX Info: Redefining \crefrange on input line 2370.
LaTeX Info: Redefining \Crefrange on input line 2370.
LaTeX Info: Redefining \cpageref on input line 2370.
LaTeX Info: Redefining \Cpageref on input line 2370.
LaTeX Info: Redefining \cpagerefrange on input line 2370.
LaTeX Info: Redefining \Cpagerefrange on input line 2370.
LaTeX Info: Redefining \labelcref on input line 2370.
LaTeX Info: Redefining \labelcpageref on input line 2370.
) (C:\Users\danie\AppData\Local\Programs\MiKTeX\tex/latex/geometry\geometry.sty
Package: geometry 2020/01/02 v5.9 Page Geometry
 (C:\Users\danie\AppData\Local\Programs\MiKTeX\tex/generic/iftex\ifvtex.sty
Package: ifvtex 2019/10/25 v1.7 ifvtex legacy package. Use iftex instead.
)
\Gm@cnth=\count288
\Gm@cntv=\count289
\c@Gm@tempcnt=\count290
\Gm@bindingoffset=\dimen157
\Gm@wd@mp=\dimen158
\Gm@odd@mp=\dimen159
\Gm@even@mp=\dimen160
\Gm@layoutwidth=\dimen161
\Gm@layoutheight=\dimen162
\Gm@layouthoffset=\dimen163
\Gm@layoutvoffset=\dimen164
\Gm@dimlist=\toks26
 (C:\Users\danie\AppData\Local\Programs\MiKTeX\tex/latex/geometry\geometry.cfg)) (C:\Users\danie\AppData\Local\Programs\MiKTeX\tex/latex/titling\titling.sty
Package: titling 2009/09/04 v2.1d maketitle typesetting
\thanksmarkwidth=\skip54
\thanksmargin=\skip55
\droptitle=\skip56
) (C:\Users\danie\AppData\Local\Programs\MiKTeX\tex/latex/enumitem\enumitem.sty
Package: enumitem 2025/02/06 v3.11 Customized lists
\labelindent=\skip57
\enit@outerparindent=\dimen165
\enit@toks=\toks27
\enit@inbox=\box53
\enit@count@id=\count291
\enitdp@description=\count292
) (C:\Users\danie\AppData\Local\Programs\MiKTeX\tex/latex/setspace\setspace.sty
Package: setspace 2022/12/04 v6.7b set line spacing
) (C:\Users\danie\AppData\Local\Programs\MiKTeX\tex/latex/fancyhdr\fancyhdr.sty
Package: fancyhdr 2025/02/07 v5.2 Extensive control of page headers and footers
\f@nch@headwidth=\skip58
\f@nch@offset@elh=\skip59
\f@nch@offset@erh=\skip60
\f@nch@offset@olh=\skip61
\f@nch@offset@orh=\skip62
\f@nch@offset@elf=\skip63
\f@nch@offset@erf=\skip64
\f@nch@offset@olf=\skip65
\f@nch@offset@orf=\skip66
\f@nch@height=\skip67
\f@nch@footalignment=\skip68
\f@nch@widthL=\skip69
\f@nch@widthC=\skip70
\f@nch@widthR=\skip71
\@temptokenb=\toks28
)) (code-lstlistings.sty (C:\Users\danie\AppData\Local\Programs\MiKTeX\tex/latex/listings\listings.sty
\lst@mode=\count293
\lst@gtempboxa=\box54
\lst@token=\toks29
\lst@length=\count294
\lst@currlwidth=\dimen166
\lst@column=\count295
\lst@pos=\count296
\lst@lostspace=\dimen167
\lst@width=\dimen168
\lst@newlines=\count297
\lst@lineno=\count298
\lst@maxwidth=\dimen169
 (C:\Users\danie\AppData\Local\Programs\MiKTeX\tex/latex/listings\lstmisc.sty
File: lstmisc.sty 2023/02/27 1.9 (Carsten Heinz)
\c@lstnumber=\count299
\lst@skipnumbers=\count300
\lst@framebox=\box55
) (C:\Users\danie\AppData\Local\Programs\MiKTeX\tex/latex/listings\listings.cfg
File: listings.cfg 2023/02/27 1.9 listings configuration
))
Package: listings 2023/02/27 1.9 (Carsten Heinz)
 (C:\Users\danie\AppData\Local\Programs\MiKTeX\tex/latex/xcolor\xcolor.sty
Package: xcolor 2023/11/15 v3.01 LaTeX color extensions (UK)
 (C:\Users\danie\AppData\Local\Programs\MiKTeX\tex/latex/graphics-cfg\color.cfg
File: color.cfg 2016/01/02 v1.6 sample color configuration
)
Package xcolor Info: Driver file: pdftex.def on input line 274.
 (C:\Users\danie\AppData\Local\Programs\MiKTeX\tex/latex/graphics\mathcolor.ltx)
Package xcolor Info: Model `cmy' substituted by `cmy0' on input line 1350.
Package xcolor Info: Model `hsb' substituted by `rgb' on input line 1354.
Package xcolor Info: Model `RGB' extended on input line 1366.
Package xcolor Info: Model `HTML' substituted by `rgb' on input line 1368.
Package xcolor Info: Model `Hsb' substituted by `hsb' on input line 1369.
Package xcolor Info: Model `tHsb' substituted by `hsb' on input line 1370.
Package xcolor Info: Model `HSB' substituted by `hsb' on input line 1371.
Package xcolor Info: Model `Gray' substituted by `gray' on input line 1372.
Package xcolor Info: Model `wave' substituted by `hsb' on input line 1373.
)) (notes.sty (C:\Users\danie\AppData\Local\Programs\MiKTeX\tex/latex/todonotes\todonotes.sty
Package: todonotes 2024/01/05 v1.1.7 Todonotes source and documentation.
Package: todonotes 2024/01/05
 (C:\Users\danie\AppData\Local\Programs\MiKTeX\tex/latex/base\ifthen.sty
Package: ifthen 2022/04/13 v1.1d Standard LaTeX ifthen package (DPC)
) (C:\Users\danie\AppData\Local\Programs\MiKTeX\tex/latex/xkeyval\xkeyval.sty
Package: xkeyval 2022/06/16 v2.9 package option processing (HA)
 (C:\Users\danie\AppData\Local\Programs\MiKTeX\tex/generic/xkeyval\xkeyval.tex (C:\Users\danie\AppData\Local\Programs\MiKTeX\tex/generic/xkeyval\xkvutils.tex
\XKV@toks=\toks30
\XKV@tempa@toks=\toks31
)
\XKV@depth=\count301
File: xkeyval.tex 2014/12/03 v2.7a key=value parser (HA)
)) (C:\Users\danie\AppData\Local\Programs\MiKTeX\tex/latex/pgf/frontendlayer\tikz.sty (C:\Users\danie\AppData\Local\Programs\MiKTeX\tex/latex/pgf/basiclayer\pgf.sty (C:\Users\danie\AppData\Local\Programs\MiKTeX\tex/latex/pgf/utilities\pgfrcs.sty (C:\Users\danie\AppData\Local\Programs\MiKTeX\tex/generic/pgf/utilities\pgfutil-common.tex
\pgfutil@everybye=\toks32
\pgfutil@tempdima=\dimen170
\pgfutil@tempdimb=\dimen171
) (C:\Users\danie\AppData\Local\Programs\MiKTeX\tex/generic/pgf/utilities\pgfutil-latex.def
\pgfutil@abb=\box56
) (C:\Users\danie\AppData\Local\Programs\MiKTeX\tex/generic/pgf/utilities\pgfrcs.code.tex (C:\Users\danie\AppData\Local\Programs\MiKTeX\tex/generic/pgf\pgf.revision.tex)
Package: pgfrcs 2023-01-15 v3.1.10 (3.1.10)
))
Package: pgf 2023-01-15 v3.1.10 (3.1.10)
 (C:\Users\danie\AppData\Local\Programs\MiKTeX\tex/latex/pgf/basiclayer\pgfcore.sty (C:\Users\danie\AppData\Local\Programs\MiKTeX\tex/latex/pgf/systemlayer\pgfsys.sty (C:\Users\danie\AppData\Local\Programs\MiKTeX\tex/generic/pgf/systemlayer\pgfsys.code.tex
Package: pgfsys 2023-01-15 v3.1.10 (3.1.10)
 (C:\Users\danie\AppData\Local\Programs\MiKTeX\tex/generic/pgf/utilities\pgfkeys.code.tex
\pgfkeys@pathtoks=\toks33
\pgfkeys@temptoks=\toks34
 (C:\Users\danie\AppData\Local\Programs\MiKTeX\tex/generic/pgf/utilities\pgfkeyslibraryfiltered.code.tex
\pgfkeys@tmptoks=\toks35
))
\pgf@x=\dimen172
\pgf@y=\dimen173
\pgf@xa=\dimen174
\pgf@ya=\dimen175
\pgf@xb=\dimen176
\pgf@yb=\dimen177
\pgf@xc=\dimen178
\pgf@yc=\dimen179
\pgf@xd=\dimen180
\pgf@yd=\dimen181
\w@pgf@writea=\write3
\r@pgf@reada=\read3
\c@pgf@counta=\count302
\c@pgf@countb=\count303
\c@pgf@countc=\count304
\c@pgf@countd=\count305
\t@pgf@toka=\toks36
\t@pgf@tokb=\toks37
\t@pgf@tokc=\toks38
\pgf@sys@id@count=\count306
 (C:\Users\danie\AppData\Local\Programs\MiKTeX\tex/generic/pgf/systemlayer\pgf.cfg
File: pgf.cfg 2023-01-15 v3.1.10 (3.1.10)
)
Driver file for pgf: pgfsys-pdftex.def
 (C:\Users\danie\AppData\Local\Programs\MiKTeX\tex/generic/pgf/systemlayer\pgfsys-pdftex.def
File: pgfsys-pdftex.def 2023-01-15 v3.1.10 (3.1.10)
 (C:\Users\danie\AppData\Local\Programs\MiKTeX\tex/generic/pgf/systemlayer\pgfsys-common-pdf.def
File: pgfsys-common-pdf.def 2023-01-15 v3.1.10 (3.1.10)
))) (C:\Users\danie\AppData\Local\Programs\MiKTeX\tex/generic/pgf/systemlayer\pgfsyssoftpath.code.tex
File: pgfsyssoftpath.code.tex 2023-01-15 v3.1.10 (3.1.10)
\pgfsyssoftpath@smallbuffer@items=\count307
\pgfsyssoftpath@bigbuffer@items=\count308
) (C:\Users\danie\AppData\Local\Programs\MiKTeX\tex/generic/pgf/systemlayer\pgfsysprotocol.code.tex
File: pgfsysprotocol.code.tex 2023-01-15 v3.1.10 (3.1.10)
)) (C:\Users\danie\AppData\Local\Programs\MiKTeX\tex/generic/pgf/basiclayer\pgfcore.code.tex
Package: pgfcore 2023-01-15 v3.1.10 (3.1.10)
 (C:\Users\danie\AppData\Local\Programs\MiKTeX\tex/generic/pgf/math\pgfmath.code.tex (C:\Users\danie\AppData\Local\Programs\MiKTeX\tex/generic/pgf/math\pgfmathutil.code.tex) (C:\Users\danie\AppData\Local\Programs\MiKTeX\tex/generic/pgf/math\pgfmathparser.code.tex
\pgfmath@dimen=\dimen182
\pgfmath@count=\count309
\pgfmath@box=\box57
\pgfmath@toks=\toks39
\pgfmath@stack@operand=\toks40
\pgfmath@stack@operation=\toks41
) (C:\Users\danie\AppData\Local\Programs\MiKTeX\tex/generic/pgf/math\pgfmathfunctions.code.tex) (C:\Users\danie\AppData\Local\Programs\MiKTeX\tex/generic/pgf/math\pgfmathfunctions.basic.code.tex) (C:\Users\danie\AppData\Local\Programs\MiKTeX\tex/generic/pgf/math\pgfmathfunctions.trigonometric.code.tex) (C:\Users\danie\AppData\Local\Programs\MiKTeX\tex/generic/pgf/math\pgfmathfunctions.random.code.tex) (C:\Users\danie\AppData\Local\Programs\MiKTeX\tex/generic/pgf/math\pgfmathfunctions.comparison.code.tex) (C:\Users\danie\AppData\Local\Programs\MiKTeX\tex/generic/pgf/math\pgfmathfunctions.base.code.tex) (C:\Users\danie\AppData\Local\Programs\MiKTeX\tex/generic/pgf/math\pgfmathfunctions.round.code.tex) (C:\Users\danie\AppData\Local\Programs\MiKTeX\tex/generic/pgf/math\pgfmathfunctions.misc.code.tex) (C:\Users\danie\AppData\Local\Programs\MiKTeX\tex/generic/pgf/math\pgfmathfunctions.integerarithmetics.code.tex) (C:\Users\danie\AppData\Local\Programs\MiKTeX\tex/generic/pgf/math\pgfmathcalc.code.tex) (C:\Users\danie\AppData\Local\Programs\MiKTeX\tex/generic/pgf/math\pgfmathfloat.code.tex
\c@pgfmathroundto@lastzeros=\count310
)) (C:\Users\danie\AppData\Local\Programs\MiKTeX\tex/generic/pgf/math\pgfint.code.tex) (C:\Users\danie\AppData\Local\Programs\MiKTeX\tex/generic/pgf/basiclayer\pgfcorepoints.code.tex
File: pgfcorepoints.code.tex 2023-01-15 v3.1.10 (3.1.10)
\pgf@picminx=\dimen183
\pgf@picmaxx=\dimen184
\pgf@picminy=\dimen185
\pgf@picmaxy=\dimen186
\pgf@pathminx=\dimen187
\pgf@pathmaxx=\dimen188
\pgf@pathminy=\dimen189
\pgf@pathmaxy=\dimen190
\pgf@xx=\dimen191
\pgf@xy=\dimen192
\pgf@yx=\dimen193
\pgf@yy=\dimen194
\pgf@zx=\dimen195
\pgf@zy=\dimen196
) (C:\Users\danie\AppData\Local\Programs\MiKTeX\tex/generic/pgf/basiclayer\pgfcorepathconstruct.code.tex
File: pgfcorepathconstruct.code.tex 2023-01-15 v3.1.10 (3.1.10)
\pgf@path@lastx=\dimen197
\pgf@path@lasty=\dimen198
) (C:\Users\danie\AppData\Local\Programs\MiKTeX\tex/generic/pgf/basiclayer\pgfcorepathusage.code.tex
File: pgfcorepathusage.code.tex 2023-01-15 v3.1.10 (3.1.10)
\pgf@shorten@end@additional=\dimen199
\pgf@shorten@start@additional=\dimen256
) (C:\Users\danie\AppData\Local\Programs\MiKTeX\tex/generic/pgf/basiclayer\pgfcorescopes.code.tex
File: pgfcorescopes.code.tex 2023-01-15 v3.1.10 (3.1.10)
\pgfpic=\box58
\pgf@hbox=\box59
\pgf@layerbox@main=\box60
\pgf@picture@serial@count=\count311
) (C:\Users\danie\AppData\Local\Programs\MiKTeX\tex/generic/pgf/basiclayer\pgfcoregraphicstate.code.tex
File: pgfcoregraphicstate.code.tex 2023-01-15 v3.1.10 (3.1.10)
\pgflinewidth=\dimen257
) (C:\Users\danie\AppData\Local\Programs\MiKTeX\tex/generic/pgf/basiclayer\pgfcoretransformations.code.tex
File: pgfcoretransformations.code.tex 2023-01-15 v3.1.10 (3.1.10)
\pgf@pt@x=\dimen258
\pgf@pt@y=\dimen259
\pgf@pt@temp=\dimen260
) (C:\Users\danie\AppData\Local\Programs\MiKTeX\tex/generic/pgf/basiclayer\pgfcorequick.code.tex
File: pgfcorequick.code.tex 2023-01-15 v3.1.10 (3.1.10)
) (C:\Users\danie\AppData\Local\Programs\MiKTeX\tex/generic/pgf/basiclayer\pgfcoreobjects.code.tex
File: pgfcoreobjects.code.tex 2023-01-15 v3.1.10 (3.1.10)
) (C:\Users\danie\AppData\Local\Programs\MiKTeX\tex/generic/pgf/basiclayer\pgfcorepathprocessing.code.tex
File: pgfcorepathprocessing.code.tex 2023-01-15 v3.1.10 (3.1.10)
) (C:\Users\danie\AppData\Local\Programs\MiKTeX\tex/generic/pgf/basiclayer\pgfcorearrows.code.tex
File: pgfcorearrows.code.tex 2023-01-15 v3.1.10 (3.1.10)
\pgfarrowsep=\dimen261
) (C:\Users\danie\AppData\Local\Programs\MiKTeX\tex/generic/pgf/basiclayer\pgfcoreshade.code.tex
File: pgfcoreshade.code.tex 2023-01-15 v3.1.10 (3.1.10)
\pgf@max=\dimen262
\pgf@sys@shading@range@num=\count312
\pgf@shadingcount=\count313
) (C:\Users\danie\AppData\Local\Programs\MiKTeX\tex/generic/pgf/basiclayer\pgfcoreimage.code.tex
File: pgfcoreimage.code.tex 2023-01-15 v3.1.10 (3.1.10)
) (C:\Users\danie\AppData\Local\Programs\MiKTeX\tex/generic/pgf/basiclayer\pgfcoreexternal.code.tex
File: pgfcoreexternal.code.tex 2023-01-15 v3.1.10 (3.1.10)
\pgfexternal@startupbox=\box61
) (C:\Users\danie\AppData\Local\Programs\MiKTeX\tex/generic/pgf/basiclayer\pgfcorelayers.code.tex
File: pgfcorelayers.code.tex 2023-01-15 v3.1.10 (3.1.10)
) (C:\Users\danie\AppData\Local\Programs\MiKTeX\tex/generic/pgf/basiclayer\pgfcoretransparency.code.tex
File: pgfcoretransparency.code.tex 2023-01-15 v3.1.10 (3.1.10)
) (C:\Users\danie\AppData\Local\Programs\MiKTeX\tex/generic/pgf/basiclayer\pgfcorepatterns.code.tex
File: pgfcorepatterns.code.tex 2023-01-15 v3.1.10 (3.1.10)
) (C:\Users\danie\AppData\Local\Programs\MiKTeX\tex/generic/pgf/basiclayer\pgfcorerdf.code.tex
File: pgfcorerdf.code.tex 2023-01-15 v3.1.10 (3.1.10)
))) (C:\Users\danie\AppData\Local\Programs\MiKTeX\tex/generic/pgf/modules\pgfmoduleshapes.code.tex
File: pgfmoduleshapes.code.tex 2023-01-15 v3.1.10 (3.1.10)
\pgfnodeparttextbox=\box62
) (C:\Users\danie\AppData\Local\Programs\MiKTeX\tex/generic/pgf/modules\pgfmoduleplot.code.tex
File: pgfmoduleplot.code.tex 2023-01-15 v3.1.10 (3.1.10)
) (C:\Users\danie\AppData\Local\Programs\MiKTeX\tex/latex/pgf/compatibility\pgfcomp-version-0-65.sty
Package: pgfcomp-version-0-65 2023-01-15 v3.1.10 (3.1.10)
\pgf@nodesepstart=\dimen263
\pgf@nodesepend=\dimen264
) (C:\Users\danie\AppData\Local\Programs\MiKTeX\tex/latex/pgf/compatibility\pgfcomp-version-1-18.sty
Package: pgfcomp-version-1-18 2023-01-15 v3.1.10 (3.1.10)
)) (C:\Users\danie\AppData\Local\Programs\MiKTeX\tex/latex/pgf/utilities\pgffor.sty (C:\Users\danie\AppData\Local\Programs\MiKTeX\tex/latex/pgf/utilities\pgfkeys.sty (C:\Users\danie\AppData\Local\Programs\MiKTeX\tex/generic/pgf/utilities\pgfkeys.code.tex)) (C:\Users\danie\AppData\Local\Programs\MiKTeX\tex/latex/pgf/math\pgfmath.sty (C:\Users\danie\AppData\Local\Programs\MiKTeX\tex/generic/pgf/math\pgfmath.code.tex)) (C:\Users\danie\AppData\Local\Programs\MiKTeX\tex/generic/pgf/utilities\pgffor.code.tex
Package: pgffor 2023-01-15 v3.1.10 (3.1.10)
\pgffor@iter=\dimen265
\pgffor@skip=\dimen266
\pgffor@stack=\toks42
\pgffor@toks=\toks43
)) (C:\Users\danie\AppData\Local\Programs\MiKTeX\tex/generic/pgf/frontendlayer/tikz\tikz.code.tex
Package: tikz 2023-01-15 v3.1.10 (3.1.10)
 (C:\Users\danie\AppData\Local\Programs\MiKTeX\tex/generic/pgf/libraries\pgflibraryplothandlers.code.tex
File: pgflibraryplothandlers.code.tex 2023-01-15 v3.1.10 (3.1.10)
\pgf@plot@mark@count=\count314
\pgfplotmarksize=\dimen267
)
\tikz@lastx=\dimen268
\tikz@lasty=\dimen269
\tikz@lastxsaved=\dimen270
\tikz@lastysaved=\dimen271
\tikz@lastmovetox=\dimen272
\tikz@lastmovetoy=\dimen273
\tikzleveldistance=\dimen274
\tikzsiblingdistance=\dimen275
\tikz@figbox=\box63
\tikz@figbox@bg=\box64
\tikz@tempbox=\box65
\tikz@tempbox@bg=\box66
\tikztreelevel=\count315
\tikznumberofchildren=\count316
\tikznumberofcurrentchild=\count317
\tikz@fig@count=\count318
 (C:\Users\danie\AppData\Local\Programs\MiKTeX\tex/generic/pgf/modules\pgfmodulematrix.code.tex
File: pgfmodulematrix.code.tex 2023-01-15 v3.1.10 (3.1.10)
\pgfmatrixcurrentrow=\count319
\pgfmatrixcurrentcolumn=\count320
\pgf@matrix@numberofcolumns=\count321
)
\tikz@expandcount=\count322
 (C:\Users\danie\AppData\Local\Programs\MiKTeX\tex/generic/pgf/frontendlayer/tikz/libraries\tikzlibrarytopaths.code.tex
File: tikzlibrarytopaths.code.tex 2023-01-15 v3.1.10 (3.1.10)
))) (C:\Users\danie\AppData\Local\Programs\MiKTeX\tex/generic/pgf/frontendlayer/tikz/libraries\tikzlibrarypositioning.code.tex
File: tikzlibrarypositioning.code.tex 2023-01-15 v3.1.10 (3.1.10)
) (C:\Users\danie\AppData\Local\Programs\MiKTeX\tex/latex/tools\calc.sty
Package: calc 2023/07/08 v4.3 Infix arithmetic (KKT,FJ)
\calc@Acount=\count323
\calc@Bcount=\count324
\calc@Adimen=\dimen276
\calc@Bdimen=\dimen277
\calc@Askip=\skip72
\calc@Bskip=\skip73
LaTeX Info: Redefining \setlength on input line 80.
LaTeX Info: Redefining \addtolength on input line 81.
\calc@Ccount=\count325
\calc@Cskip=\skip74
)
\c@@todonotes@numberoftodonotes=\count326
) (C:\Users\danie\AppData\Local\Programs\MiKTeX\tex/latex/xargs\xargs.sty
Package: xargs 2008/03/22 v1.1  extended macro definitions  (mpg)
\xargs@max=\count327
\xargs@toksa=\toks44
\xargs@toksb=\toks45
)) (shortcuts.sty) (C:\Users\danie\AppData\Local\Programs\MiKTeX\tex/latex/acronym\acronym.sty
Package: acronym 2025/01/17 v1.50 Support for acronyms (Tobias Oetiker)
 (C:\Users\danie\AppData\Local\Programs\MiKTeX\tex/latex/bigfoot\suffix.sty
Package: suffix 2006/07/15 1.5a Variant command support
) (C:\Users\danie\AppData\Local\Programs\MiKTeX\tex/latex/xstring\xstring.sty (C:\Users\danie\AppData\Local\Programs\MiKTeX\tex/generic/xstring\xstring.tex
\xs_counta=\count328
\xs_countb=\count329
)
Package: xstring 2023/08/22 v1.86 String manipulations (CT)
)
\AC@clearlist=\toks46
) (C:\Users\danie\AppData\Local\Programs\MiKTeX\tex/latex/booktabs\booktabs.sty
Package: booktabs 2020/01/12 v1.61803398 Publication quality tables
\heavyrulewidth=\dimen278
\lightrulewidth=\dimen279
\cmidrulewidth=\dimen280
\belowrulesep=\dimen281
\belowbottomsep=\dimen282
\aboverulesep=\dimen283
\abovetopsep=\dimen284
\cmidrulesep=\dimen285
\cmidrulekern=\dimen286
\defaultaddspace=\dimen287
\@cmidla=\count330
\@cmidlb=\count331
\@aboverulesep=\dimen288
\@belowrulesep=\dimen289
\@thisruleclass=\count332
\@lastruleclass=\count333
\@thisrulewidth=\dimen290
) (C:\Users\danie\AppData\Local\Programs\MiKTeX\tex/latex/float\float.sty
Package: float 2001/11/08 v1.3d Float enhancements (AL)
\c@float@type=\count334
\float@exts=\toks47
\float@box=\box67
\@float@everytoks=\toks48
\@floatcapt=\box68
) (C:\Users\danie\AppData\Local\Programs\MiKTeX\tex/latex/l3backend\l3backend-pdftex.def
File: l3backend-pdftex.def 2024-01-04 L3 backend support: PDF output (pdfTeX)
\l__color_backend_stack_int=\count335
\l__pdf_internal_box=\box69
) (thesis-main.aux)
\openout1 = `thesis-main.aux'.

LaTeX Font Info:    Checking defaults for OML/cmm/m/it on input line 40.
LaTeX Font Info:    ... okay on input line 40.
LaTeX Font Info:    Checking defaults for OMS/cmsy/m/n on input line 40.
LaTeX Font Info:    ... okay on input line 40.
LaTeX Font Info:    Checking defaults for OT1/cmr/m/n on input line 40.
LaTeX Font Info:    ... okay on input line 40.
LaTeX Font Info:    Checking defaults for T1/cmr/m/n on input line 40.
LaTeX Font Info:    ... okay on input line 40.
LaTeX Font Info:    Checking defaults for TS1/cmr/m/n on input line 40.
LaTeX Font Info:    ... okay on input line 40.
LaTeX Font Info:    Checking defaults for OMX/cmex/m/n on input line 40.
LaTeX Font Info:    ... okay on input line 40.
LaTeX Font Info:    Checking defaults for U/cmr/m/n on input line 40.
LaTeX Font Info:    ... okay on input line 40.
LaTeX Font Info:    Checking defaults for PD1/pdf/m/n on input line 40.
LaTeX Font Info:    ... okay on input line 40.
LaTeX Font Info:    Checking defaults for PU/pdf/m/n on input line 40.
LaTeX Font Info:    ... okay on input line 40.
Package hyperref Info: Link coloring OFF on input line 40.
 (thesis-main.out) (thesis-main.out)
\@outlinefile=\write4
\openout4 = `thesis-main.out'.

 (C:\Users\danie\AppData\Local\Programs\MiKTeX\tex/context/base/mkii\supp-pdf.mkii
[Loading MPS to PDF converter (version 2006.09.02).]
\scratchcounter=\count336
\scratchdimen=\dimen291
\scratchbox=\box70
\nofMPsegments=\count337
\nofMParguments=\count338
\everyMPshowfont=\toks49
\MPscratchCnt=\count339
\MPscratchDim=\dimen292
\MPnumerator=\count340
\makeMPintoPDFobject=\count341
\everyMPtoPDFconversion=\toks50
) (C:\Users\danie\AppData\Local\Programs\MiKTeX\tex/latex/epstopdf-pkg\epstopdf-base.sty
Package: epstopdf-base 2020-01-24 v2.11 Base part for package epstopdf
Package epstopdf-base Info: Redefining graphics rule for `.eps' on input line 485.
 (C:\Users\danie\AppData\Local\Programs\MiKTeX\tex/latex/00miktex\epstopdf-sys.cfg
File: epstopdf-sys.cfg 2021/03/18 v2.0 Configuration of epstopdf for MiKTeX
))
*geometry* driver: auto-detecting
*geometry* detected driver: pdftex
*geometry* verbose mode - [ preamble ] result:
* driver: pdftex
* paper: a4paper
* layout: <same size as paper>
* layoutoffset:(h,v)=(0.0pt,0.0pt)
* modes: twoside 
* h-part:(L,W,R)=(71.70166pt, 418.25368pt, 107.55254pt)
* v-part:(T,H,B)=(101.40665pt, 591.5302pt, 152.11pt)
* \paperwidth=597.50787pt
* \paperheight=845.04684pt
* \textwidth=418.25368pt
* \textheight=591.5302pt
* \oddsidemargin=-0.56833pt
* \evensidemargin=35.28255pt
* \topmargin=-5.23712pt
* \headheight=14.49998pt
* \headsep=19.8738pt
* \topskip=12.0pt
* \footskip=30.0pt
* \marginparwidth=88.0pt
* \marginparsep=7.0pt
* \columnsep=10.0pt
* \skip\footins=10.8pt plus 4.0pt minus 2.0pt
* \hoffset=0.0pt
* \voffset=0.0pt
* \mag=1000
* \@twocolumnfalse
* \@twosidetrue
* \@mparswitchtrue
* \@reversemarginfalse
* (1in=72.27pt=25.4mm, 1cm=28.453pt)

\c@lstlisting=\count342
*geometry* verbose mode - [ newgeometry ] result:
* driver: pdftex
* paper: a4paper
* layout: <same size as paper>
* layoutoffset:(h,v)=(0.0pt,0.0pt)
* modes: twoside 
* h-part:(L,W,R)=(57.81621pt, 481.87546pt, 57.81621pt)
* v-part:(T,H,B)=(57.81621pt, 729.41443pt, 57.81621pt)
* \paperwidth=597.50787pt
* \paperheight=845.04684pt
* \textwidth=481.87546pt
* \textheight=729.41443pt
* \oddsidemargin=-14.45378pt
* \evensidemargin=-14.45378pt
* \topmargin=-48.82756pt
* \headheight=14.49998pt
* \headsep=19.8738pt
* \topskip=12.0pt
* \footskip=30.0pt
* \marginparwidth=88.0pt
* \marginparsep=7.0pt
* \columnsep=10.0pt
* \skip\footins=10.8pt plus 4.0pt minus 2.0pt
* \hoffset=0.0pt
* \voffset=0.0pt
* \mag=1000
* \@twocolumnfalse
* \@twosidetrue
* \@mparswitchtrue
* \@reversemarginfalse
* (1in=72.27pt=25.4mm, 1cm=28.453pt)

[1




{C:/Users/danie/AppData/Local/MiKTeX/fonts/map/pdftex/pdftex.map}] [2


] [3] [4

] [5] [6

] (thesis-main.toc
Package cleveref Info: loaded `english' language definitions on input line 1.
LaTeX Font Info:    Trying to load font information for U+msa on input line 7.
 (C:\Users\danie\AppData\Local\Programs\MiKTeX\tex/latex/amsfonts\umsa.fd
File: umsa.fd 2013/01/14 v3.01 AMS symbols A
)
LaTeX Font Info:    Trying to load font information for U+msb on input line 7.
 (C:\Users\danie\AppData\Local\Programs\MiKTeX\tex/latex/amsfonts\umsb.fd
File: umsb.fd 2013/01/14 v3.01 AMS symbols B
)
Package cleveref Info: loaded `english' language definitions on input line 47.
 [7])
\tf@toc=\write5
\openout5 = `thesis-main.toc'.

Package cleveref Info: loaded `english' language definitions on input line 54.
Package cleveref Info: loaded `english' language definitions on input line 54.
 [8] (thesis-main.lof
Package cleveref Info: loaded `english' language definitions on input line 1.
)
\tf@lof=\write6
\openout6 = `thesis-main.lof'.

Package cleveref Info: loaded `english' language definitions on input line 55.
 [9

]
Package cleveref Info: loaded `english' language definitions on input line 55.
Package cleveref Info: loaded `english' language definitions on input line 55.
 [10

] (thesis-main.lol)
\tf@lol=\write7
\openout7 = `thesis-main.lol'.

Package cleveref Info: loaded `english' language definitions on input line 58.
 [11]
Package cleveref Info: loaded `english' language definitions on input line 58.
Package cleveref Info: loaded `english' language definitions on input line 58.
 [12

]
Chapter 1.
Package cleveref Info: loaded `english' language definitions on input line 70.
[1

]
Package cleveref Info: loaded `english' language definitions on input line 79.
 [2]
Chapter 2.
Package cleveref Info: loaded `english' language definitions on input line 86.
[3

]
Underfull \vbox (badness 10000) has occurred while \output is active []

Package cleveref Info: loaded `english' language definitions on input line 94.
 [4]
Underfull \vbox (badness 10000) has occurred while \output is active []

Package cleveref Info: loaded `english' language definitions on input line 102.
 [5]
Package cleveref Info: loaded `english' language definitions on input line 114.
 [6]
Overfull \hbox (19.69038pt too wide) in paragraph at lines 121--122
\OT1/cmr/m/n/12 men-sioni del prob-lema, ren-dendo nec-es-sario l'impiego di al-go-ritmi eu-ris-tici o metaeuris-
 []

Package cleveref Info: loaded `english' language definitions on input line 124.
[7]
Package cleveref Info: loaded `english' language definitions on input line 124.
 [8

]
Chapter 3.

Overfull \hbox (9.34189pt too wide) in paragraph at lines 130--131
\OT1/cmr/m/n/12 testo pi^^Ru am-pio dell'ingegneria del soft-ware basata sul val-ore, in [[]]
 []

Package cleveref Info: loaded `english' language definitions on input line 131.
[9]
Underfull \vbox (badness 10000) has occurred while \output is active []

Package cleveref Info: loaded `english' language definitions on input line 139.
 [10]
Overfull \hbox (16.0307pt too wide) in paragraph at lines 146--147
[]\OT1/cmr/m/n/12 Un mod-ello speci-fi-ca-mente ori-en-tato ai metodi ag-ili ^^Re de-scritto in [[]],
 []


Overfull \hbox (19.81677pt too wide) in paragraph at lines 146--147
\OT1/cmr/m/n/12 ul-te-ri-ore con-trib-uto ril-e-vante nel con-testo ag-ile ^^Re quello di [[]],
 []

Package cleveref Info: loaded `english' language definitions on input line 154.
[11]
Overfull \hbox (15.78905pt too wide) in paragraph at lines 155--156
\OT1/cmr/m/n/12 cazione dello sprint di base nei pro-getti di data ware-house ag-ile [[]].
 []


Underfull \vbox (badness 10000) has occurred while \output is active []

Package cleveref Info: loaded `english' language definitions on input line 164.
 [12]
Underfull \vbox (badness 3646) has occurred while \output is active []

Package cleveref Info: loaded `english' language definitions on input line 172.
 [13]
Package cleveref Info: loaded `english' language definitions on input line 174.
 [14]
Chapter 4.
Package cleveref Info: loaded `english' language definitions on input line 189.
[15

]
Underfull \vbox (badness 10000) has occurred while \output is active []

Package cleveref Info: loaded `english' language definitions on input line 213.
 [16]
Overfull \hbox (4.15443pt too wide) in paragraph at lines 220--221
\OT1/cmr/m/n/12 quando sto-rie cor-re-late ven-gono svilup-pate con-giun-ta-mente nello stesso sprint,
 []


Underfull \vbox (badness 1184) has occurred while \output is active []

Package cleveref Info: loaded `english' language definitions on input line 226.
 [17]
Package cleveref Info: loaded `english' language definitions on input line 243.
Package cleveref Info: loaded `english' language definitions on input line 243.
 [18]
Package cleveref Info: loaded `english' language definitions on input line 272.
Package cleveref Info: loaded `english' language definitions on input line 272.
 [19]
Overfull \hbox (3.93506pt too wide) in paragraph at lines 276--277
 []\OT1/cmr/bx/n/12 Funzione $\OML/cmm/m/it/12 z[]$ \OT1/cmr/bx/n/12 (In-certezza senza mod-i-fi-ca-tori) [].[] \OT1/cmr/m/n/12 In-cor-pora il parametro
 []

Package cleveref Info: loaded `english' language definitions on input line 286.
Package cleveref Info: loaded `english' language definitions on input line 286.
[20]
Overfull \hbox (20.85706pt too wide) in paragraph at lines 309--310
\OT1/cmr/m/n/12 liz-zati per prob-lemi di pack-ing in [[], [],
 []

Package cleveref Info: loaded `english' language definitions on input line 310.
Package cleveref Info: loaded `english' language definitions on input line 310.
[21]
Package cleveref Info: loaded `english' language definitions on input line 337.
Package cleveref Info: loaded `english' language definitions on input line 337.
 [22]
Package cleveref Info: loaded `english' language definitions on input line 403.
Package cleveref Info: loaded `english' language definitions on input line 403.
 [23]
Package cleveref Info: loaded `english' language definitions on input line 403.
Package cleveref Info: loaded `english' language definitions on input line 403.
 [24

]
Chapter 5.

Underfull \vbox (badness 10000) has occurred while \output is active []

Package cleveref Info: loaded `english' language definitions on input line 424.
 [25]
Package hyperref Info: bookmark level for unknown lstlisting defaults to 0 on input line 431.
LaTeX Font Info:    Trying to load font information for TS1+cmtt on input line 432.
 (C:\Users\danie\AppData\Local\Programs\MiKTeX\tex/latex/base\ts1cmtt.fd
File: ts1cmtt.fd 2023/04/13 v2.5m Standard LaTeX font definitions
)
Package cleveref Info: loaded `english' language definitions on input line 445.
Package cleveref Info: loaded `english' language definitions on input line 445.
 [26]
Overfull \hbox (14.81416pt too wide) in paragraph at lines 445--445
[]\OT1/cmr/bx/n/14.4 QuickGreedyHeuristic: ver-sione ve-loce basata su knap-
 []

Package cleveref Info: loaded `english' language definitions on input line 469.
Package cleveref Info: loaded `english' language definitions on input line 469.
[27]
Underfull \vbox (badness 1596) has occurred while \output is active []

Package cleveref Info: loaded `english' language definitions on input line 519.
Package cleveref Info: loaded `english' language definitions on input line 519.
 [28]
Overfull \vbox (1.16217pt too high) has occurred while \output is active []

Package cleveref Info: loaded `english' language definitions on input line 519.
Package cleveref Info: loaded `english' language definitions on input line 519.
 [29]
Package cleveref Info: loaded `english' language definitions on input line 530.
Package cleveref Info: loaded `english' language definitions on input line 530.
 [30]
Overfull \hbox (19.18542pt too wide) in paragraph at lines 531--533
[]\OT1/cmr/m/n/12 In [[]] viene pro-posta \OT1/cmr/m/it/12 Ex-change-Heuris-tic \OT1/cmr/m/n/12 de-scritta in Figura []5.3[].
 []


Underfull \vbox (badness 10000) has occurred while \output is active []

Package cleveref Info: loaded `english' language definitions on input line 574.
Package cleveref Info: loaded `english' language definitions on input line 574.
 [31]
Overfull \vbox (18.03972pt too high) has occurred while \output is active []

Package cleveref Info: loaded `english' language definitions on input line 574.
Package cleveref Info: loaded `english' language definitions on input line 574.
 [32]
Underfull \vbox (badness 10000) has occurred while \output is active []

Package cleveref Info: loaded `english' language definitions on input line 607.
Package cleveref Info: loaded `english' language definitions on input line 607.
 [33]
Underfull \vbox (badness 10000) has occurred while \output is active []

Package cleveref Info: loaded `english' language definitions on input line 629.
Package cleveref Info: loaded `english' language definitions on input line 629.
 [34]
Underfull \vbox (badness 10000) has occurred while \output is active []

Package cleveref Info: loaded `english' language definitions on input line 648.
Package cleveref Info: loaded `english' language definitions on input line 648.
 [35]
Underfull \vbox (badness 10000) has occurred while \output is active []

Package cleveref Info: loaded `english' language definitions on input line 683.
Package cleveref Info: loaded `english' language definitions on input line 683.
 [36]
Underfull \vbox (badness 10000) has occurred while \output is active []

Package cleveref Info: loaded `english' language definitions on input line 687.
Package cleveref Info: loaded `english' language definitions on input line 687.
 [37]
Package cleveref Info: loaded `english' language definitions on input line 698.
Package cleveref Info: loaded `english' language definitions on input line 698.
 [38]
Overfull \hbox (3.15067pt too wide) in paragraph at lines 724--725
[]\OT1/cmr/m/n/12 La fun-zione \OT1/cmtt/m/n/12 OR[]AND[]InequalitiesNew \OT1/cmr/m/n/12 im-ple-menta cor-ret-ta-mente la gen-er-azione
 []

Package cleveref Info: loaded `english' language definitions on input line 752.
Package cleveref Info: loaded `english' language definitions on input line 752.
[39]
Package cleveref Info: loaded `english' language definitions on input line 755.
Package cleveref Info: loaded `english' language definitions on input line 755.
 [40]
Chapter 6.

Overfull \hbox (82.83844pt too wide) in paragraph at lines 955--956
\OT1/cmr/m/n/12 I dataset uti-liz-zati per la va-l-u-tazione sper-i-men-tale degli al-go-ritmi pro-posti in [[]]
 []


Underfull \vbox (badness 10000) has occurred while \output is active []

Package cleveref Info: loaded `english' language definitions on input line 956.
 [41

]
Package cleveref Info: loaded `english' language definitions on input line 976.
Package cleveref Info: loaded `english' language definitions on input line 976.
 [42]
Package cleveref Info: loaded `english' language definitions on input line 994.
Package cleveref Info: loaded `english' language definitions on input line 994.
 [43]
Underfull \vbox (badness 10000) has occurred while \output is active []

Package cleveref Info: loaded `english' language definitions on input line 1064.
Package cleveref Info: loaded `english' language definitions on input line 1064.
 [44]
Underfull \vbox (badness 10000) has occurred while \output is active []

Package cleveref Info: loaded `english' language definitions on input line 1070.
Package cleveref Info: loaded `english' language definitions on input line 1070.
 [45
pdfTeX warning (ext4): destination with the same identifier (name{table.6.1}) has been already used, duplicate ignored
<argument> ...shipout:D \box_use:N \l_shipout_box 
                                                  \__shipout_drop_firstpage_...
l.1070 
       ]
Overfull \hbox (3.0322pt too wide) in paragraph at lines 1090--1091
[]\OT1/cmr/m/n/12 vincoli di prece-denza OR/AND []--[] in-ser-iti come lazy con-straints; 
 []

Package cleveref Info: loaded `english' language definitions on input line 1092.
Package cleveref Info: loaded `english' language definitions on input line 1092.
[46]
Overfull \hbox (15.89662pt too wide) in paragraph at lines 1096--1097
[]\OT1/cmr/m/n/12 Gap per-centuale di qualit^^Ra della soluzione eu-ris-tica rispetto alla soluzione
 []


Overfull \hbox (14.01128pt too wide) in paragraph at lines 1102--1103
\OT1/cmr/m/n/12 dell'algoritmo fino al ter-mine dell'esecuzione (sia per rag-giung-i-mento dell'ottimo
 []

Package cleveref Info: loaded `english' language definitions on input line 1117.
Package cleveref Info: loaded `english' language definitions on input line 1117.
[47]
Package cleveref Info: loaded `english' language definitions on input line 1137.
Package cleveref Info: loaded `english' language definitions on input line 1137.
 [48]
Package cleveref Info: loaded `english' language definitions on input line 1454.
Package cleveref Info: loaded `english' language definitions on input line 1454.
 [49]
Package cleveref Info: loaded `english' language definitions on input line 1502.


Package fancyhdr Warning: \headheight is too small (14.49998pt): 
(fancyhdr)                Make it at least 27.05003pt, for example:
(fancyhdr)                \setlength{\headheight}{27.05003pt}.
(fancyhdr)                You might also make \topmargin smaller:
(fancyhdr)                \addtolength{\topmargin}{-12.55005pt}.

Package cleveref Info: loaded `english' language definitions on input line 1502.
[50
pdfTeX warning (ext4): destination with the same identifier (name{table.6.2}) has been already used, duplicate ignored
<argument> ...shipout:D \box_use:N \l_shipout_box 
                                                  \__shipout_drop_firstpage_...
l.1502 
       ]
Underfull \vbox (badness 10000) has occurred while \output is active []

Package cleveref Info: loaded `english' language definitions on input line 1589.
Package cleveref Info: loaded `english' language definitions on input line 1589.
 [51
pdfTeX warning (ext4): destination with the same identifier (name{table.6.3}) has been already used, duplicate ignored
<argument> ...shipout:D \box_use:N \l_shipout_box 
                                                  \__shipout_drop_firstpage_...
l.1589 
       ]
Underfull \vbox (badness 10000) has occurred while \output is active []

Package cleveref Info: loaded `english' language definitions on input line 1633.
Package cleveref Info: loaded `english' language definitions on input line 1633.
 [52
pdfTeX warning (ext4): destination with the same identifier (name{table.6.4}) has been already used, duplicate ignored
<argument> ...shipout:D \box_use:N \l_shipout_box 
                                                  \__shipout_drop_firstpage_...
l.1633 
       ]
Package cleveref Info: loaded `english' language definitions on input line 1641.
Package cleveref Info: loaded `english' language definitions on input line 1641.
 [53
pdfTeX warning (ext4): destination with the same identifier (name{table.6.5}) has been already used, duplicate ignored
<argument> ...shipout:D \box_use:N \l_shipout_box 
                                                  \__shipout_drop_firstpage_...
l.1641 
       ]
Underfull \vbox (badness 10000) has occurred while \output is active []

Package cleveref Info: loaded `english' language definitions on input line 1729.
Package cleveref Info: loaded `english' language definitions on input line 1729.
 [54
pdfTeX warning (ext4): destination with the same identifier (name{table.6.6}) has been already used, duplicate ignored
<argument> ...shipout:D \box_use:N \l_shipout_box 
                                                  \__shipout_drop_firstpage_...
l.1729 
       ]
Underfull \vbox (badness 10000) has occurred while \output is active []

Package cleveref Info: loaded `english' language definitions on input line 1773.
Package cleveref Info: loaded `english' language definitions on input line 1773.
 [55
pdfTeX warning (ext4): destination with the same identifier (name{table.6.7}) has been already used, duplicate ignored
<argument> ...shipout:D \box_use:N \l_shipout_box 
                                                  \__shipout_drop_firstpage_...
l.1773 
       ]
Package cleveref Info: loaded `english' language definitions on input line 1825.
Package cleveref Info: loaded `english' language definitions on input line 1825.
 [56
pdfTeX warning (ext4): destination with the same identifier (name{table.6.8}) has been already used, duplicate ignored
<argument> ...shipout:D \box_use:N \l_shipout_box 
                                                  \__shipout_drop_firstpage_...
l.1825 
       ]
Underfull \vbox (badness 10000) has occurred while \output is active []

Package cleveref Info: loaded `english' language definitions on input line 1869.
Package cleveref Info: loaded `english' language definitions on input line 1869.
 [57
pdfTeX warning (ext4): destination with the same identifier (name{table.6.9}) has been already used, duplicate ignored
<argument> ...shipout:D \box_use:N \l_shipout_box 
                                                  \__shipout_drop_firstpage_...
l.1869 
       ]
Underfull \vbox (badness 10000) has occurred while \output is active []

Package cleveref Info: loaded `english' language definitions on input line 1913.
Package cleveref Info: loaded `english' language definitions on input line 1913.
 [58
pdfTeX warning (ext4): destination with the same identifier (name{table.6.10}) has been already used, duplicate ignored
<argument> ...shipout:D \box_use:N \l_shipout_box 
                                                  \__shipout_drop_firstpage_...
l.1913 
       ]
Underfull \vbox (badness 10000) has occurred while \output is active []

Package cleveref Info: loaded `english' language definitions on input line 1957.
Package cleveref Info: loaded `english' language definitions on input line 1957.
 [59
pdfTeX warning (ext4): destination with the same identifier (name{table.6.11}) has been already used, duplicate ignored
<argument> ...shipout:D \box_use:N \l_shipout_box 
                                                  \__shipout_drop_firstpage_...
l.1957 
       ]
Underfull \vbox (badness 10000) has occurred while \output is active []

Package cleveref Info: loaded `english' language definitions on input line 2001.
Package cleveref Info: loaded `english' language definitions on input line 2001.
 [60
pdfTeX warning (ext4): destination with the same identifier (name{table.6.12}) has been already used, duplicate ignored
<argument> ...shipout:D \box_use:N \l_shipout_box 
                                                  \__shipout_drop_firstpage_...
l.2001 
       ]
Package cleveref Info: loaded `english' language definitions on input line 2052.
Package cleveref Info: loaded `english' language definitions on input line 2052.
 [61
pdfTeX warning (ext4): destination with the same identifier (name{table.6.13}) has been already used, duplicate ignored
<argument> ...shipout:D \box_use:N \l_shipout_box 
                                                  \__shipout_drop_firstpage_...
l.2052 
       ]
Underfull \vbox (badness 10000) has occurred while \output is active []

Package cleveref Info: loaded `english' language definitions on input line 2097.
Package cleveref Info: loaded `english' language definitions on input line 2097.
 [62
pdfTeX warning (ext4): destination with the same identifier (name{table.6.14}) has been already used, duplicate ignored
<argument> ...shipout:D \box_use:N \l_shipout_box 
                                                  \__shipout_drop_firstpage_...
l.2097 
       ]
Underfull \vbox (badness 10000) has occurred while \output is active []

Package cleveref Info: loaded `english' language definitions on input line 2141.
Package cleveref Info: loaded `english' language definitions on input line 2141.
 [63
pdfTeX warning (ext4): destination with the same identifier (name{table.6.15}) has been already used, duplicate ignored
<argument> ...shipout:D \box_use:N \l_shipout_box 
                                                  \__shipout_drop_firstpage_...
l.2141 
       ]
Underfull \vbox (badness 10000) has occurred while \output is active []

Package cleveref Info: loaded `english' language definitions on input line 2185.
Package cleveref Info: loaded `english' language definitions on input line 2185.
 [64
pdfTeX warning (ext4): destination with the same identifier (name{table.6.16}) has been already used, duplicate ignored
<argument> ...shipout:D \box_use:N \l_shipout_box 
                                                  \__shipout_drop_firstpage_...
l.2185 
       ]
Underfull \vbox (badness 10000) has occurred while \output is active []

Package cleveref Info: loaded `english' language definitions on input line 2229.
Package cleveref Info: loaded `english' language definitions on input line 2229.
 [65
pdfTeX warning (ext4): destination with the same identifier (name{table.6.17}) has been already used, duplicate ignored
<argument> ...shipout:D \box_use:N \l_shipout_box 
                                                  \__shipout_drop_firstpage_...
l.2229 
       ]
<figures/tempoFO1.png, id=1029, 613.5723pt x 395.3169pt>
File: figures/tempoFO1.png Graphic file (type png)
<use figures/tempoFO1.png>
Package pdftex.def Info: figures/tempoFO1.png  used on input line 2240.
(pdftex.def)             Requested size: 376.42575pt x 242.52428pt.

Underfull \vbox (badness 10000) has occurred while \output is active []

Package cleveref Info: loaded `english' language definitions on input line 2244.
Package cleveref Info: loaded `english' language definitions on input line 2244.
 [66
pdfTeX warning (ext4): destination with the same identifier (name{table.6.18}) has been already used, duplicate ignored
<argument> ...shipout:D \box_use:N \l_shipout_box 
                                                  \__shipout_drop_firstpage_...
l.2244 
       ]
<figures/POSFO1.png, id=1037, 625.8582pt x 395.3169pt>
File: figures/POSFO1.png Graphic file (type png)
<use figures/POSFO1.png>
Package pdftex.def Info: figures/POSFO1.png  used on input line 2250.
(pdftex.def)             Requested size: 376.42575pt x 237.765pt.

Underfull \vbox (badness 10000) has occurred while \output is active []

Package cleveref Info: loaded `english' language definitions on input line 2254.
Package cleveref Info: loaded `english' language definitions on input line 2254.
 [67
pdfTeX warning (ext4): destination with the same identifier (name{figure.6.1}) has been already used, duplicate ignored
<argument> ...shipout:D \box_use:N \l_shipout_box 
                                                  \__shipout_drop_firstpage_...
l.2254 
        <./figures/tempoFO1.png>]
<figures/dr2.png, id=1056, 609.9588pt x 395.3169pt>
File: figures/dr2.png Graphic file (type png)
<use figures/dr2.png>
Package pdftex.def Info: figures/dr2.png  used on input line 2260.
(pdftex.def)             Requested size: 376.42575pt x 243.96594pt.

Underfull \vbox (badness 10000) has occurred while \output is active []

Package cleveref Info: loaded `english' language definitions on input line 2264.
Package cleveref Info: loaded `english' language definitions on input line 2264.
 [68
pdfTeX warning (ext4): destination with the same identifier (name{figure.6.2}) has been already used, duplicate ignored
<argument> ...shipout:D \box_use:N \l_shipout_box 
                                                  \__shipout_drop_firstpage_...
l.2264 
        <./figures/POSFO1.png>]
<figures/rmax2.png, id=1062, 609.9588pt x 395.3169pt>
File: figures/rmax2.png Graphic file (type png)
<use figures/rmax2.png>
Package pdftex.def Info: figures/rmax2.png  used on input line 2268.
(pdftex.def)             Requested size: 376.42575pt x 243.96594pt.
<figures/du2.png, id=1063, 609.9588pt x 395.3169pt>
File: figures/du2.png Graphic file (type png)
<use figures/du2.png>
Package pdftex.def Info: figures/du2.png  used on input line 2277.
(pdftex.def)             Requested size: 376.42575pt x 243.96594pt.
Package cleveref Info: loaded `english' language definitions on input line 2281.
Package cleveref Info: loaded `english' language definitions on input line 2281.
 [69
pdfTeX warning (ext4): destination with the same identifier (name{figure.6.3}) has been already used, duplicate ignored
<argument> ...shipout:D \box_use:N \l_shipout_box 
                                                  \__shipout_drop_firstpage_...
l.2281 
       
pdfTeX warning (ext4): destination with the same identifier (name{figure.6.4}) has been already used, duplicate ignored
<argument> ...shipout:D \box_use:N \l_shipout_box 
                                                  \__shipout_drop_firstpage_...
l.2281 
        <./figures/dr2.png> <./figures/rmax2.png>]
<figures/umax2.png, id=1070, 609.9588pt x 395.3169pt>
File: figures/umax2.png Graphic file (type png)
<use figures/umax2.png>
Package pdftex.def Info: figures/umax2.png  used on input line 2284.
(pdftex.def)             Requested size: 376.42575pt x 243.96594pt.
Package cleveref Info: loaded `english' language definitions on input line 2293.
Package cleveref Info: loaded `english' language definitions on input line 2293.
 [70
pdfTeX warning (ext4): destination with the same identifier (name{figure.6.5}) has been already used, duplicate ignored
<argument> ...shipout:D \box_use:N \l_shipout_box 
                                                  \__shipout_drop_firstpage_...
l.2293   \item E
                ffetto della riduzione del numero di sprint disponibili sul ...
pdfTeX warning (ext4): destination with the same identifier (name{figure.6.6}) has been already used, duplicate ignored
<argument> ...shipout:D \box_use:N \l_shipout_box 
                                                  \__shipout_drop_firstpage_...
l.2293   \item E
                ffetto della riduzione del numero di sprint disponibili sul ... <./figures/du2.png> <./figures/umax2.png>]
Overfull \hbox (7.44885pt too wide) in paragraph at lines 2293--2294
[]\OT1/cmr/m/n/12 Effetto della riduzione del nu-mero di sprint disponi-bili sul val-ore della soluzione
 []


Underfull \vbox (badness 10000) has occurred while \output is active []

Package cleveref Info: loaded `english' language definitions on input line 2349.
Package cleveref Info: loaded `english' language definitions on input line 2349.
 [71]
Underfull \vbox (badness 10000) has occurred while \output is active []

Package cleveref Info: loaded `english' language definitions on input line 2393.
Package cleveref Info: loaded `english' language definitions on input line 2393.
 [72
pdfTeX warning (ext4): destination with the same identifier (name{table.6.19}) has been already used, duplicate ignored
<argument> ...shipout:D \box_use:N \l_shipout_box 
                                                  \__shipout_drop_firstpage_...
l.2393 
       ]
Underfull \vbox (badness 10000) has occurred while \output is active []

Package cleveref Info: loaded `english' language definitions on input line 2437.
Package cleveref Info: loaded `english' language definitions on input line 2437.
 [73
pdfTeX warning (ext4): destination with the same identifier (name{table.6.20}) has been already used, duplicate ignored
<argument> ...shipout:D \box_use:N \l_shipout_box 
                                                  \__shipout_drop_firstpage_...
l.2437 
       ]
Underfull \vbox (badness 10000) has occurred while \output is active []

Package cleveref Info: loaded `english' language definitions on input line 2484.
Package cleveref Info: loaded `english' language definitions on input line 2484.
 [74
pdfTeX warning (ext4): destination with the same identifier (name{table.6.21}) has been already used, duplicate ignored
<argument> ...shipout:D \box_use:N \l_shipout_box 
                                                  \__shipout_drop_firstpage_...
l.2484 
       ]
Underfull \vbox (badness 10000) has occurred while \output is active []

Package cleveref Info: loaded `english' language definitions on input line 2528.
Package cleveref Info: loaded `english' language definitions on input line 2528.
 [75
pdfTeX warning (ext4): destination with the same identifier (name{table.6.22}) has been already used, duplicate ignored
<argument> ...shipout:D \box_use:N \l_shipout_box 
                                                  \__shipout_drop_firstpage_...
l.2528 
       ]
Underfull \vbox (badness 10000) has occurred while \output is active []

Package cleveref Info: loaded `english' language definitions on input line 2572.
Package cleveref Info: loaded `english' language definitions on input line 2572.
 [76
pdfTeX warning (ext4): destination with the same identifier (name{table.6.23}) has been already used, duplicate ignored
<argument> ...shipout:D \box_use:N \l_shipout_box 
                                                  \__shipout_drop_firstpage_...
l.2572 
       ]
Underfull \vbox (badness 10000) has occurred while \output is active []

Package cleveref Info: loaded `english' language definitions on input line 2619.
Package cleveref Info: loaded `english' language definitions on input line 2619.
 [77
pdfTeX warning (ext4): destination with the same identifier (name{table.6.24}) has been already used, duplicate ignored
<argument> ...shipout:D \box_use:N \l_shipout_box 
                                                  \__shipout_drop_firstpage_...
l.2619 
       ]
Underfull \vbox (badness 10000) has occurred while \output is active []

Package cleveref Info: loaded `english' language definitions on input line 2663.
Package cleveref Info: loaded `english' language definitions on input line 2663.
 [78
pdfTeX warning (ext4): destination with the same identifier (name{table.6.25}) has been already used, duplicate ignored
<argument> ...shipout:D \box_use:N \l_shipout_box 
                                                  \__shipout_drop_firstpage_...
l.2663 
       ]
Underfull \vbox (badness 10000) has occurred while \output is active []

Package cleveref Info: loaded `english' language definitions on input line 2707.
Package cleveref Info: loaded `english' language definitions on input line 2707.
 [79
pdfTeX warning (ext4): destination with the same identifier (name{table.6.26}) has been already used, duplicate ignored
<argument> ...shipout:D \box_use:N \l_shipout_box 
                                                  \__shipout_drop_firstpage_...
l.2707 
       ]
Underfull \vbox (badness 10000) has occurred while \output is active []

Package cleveref Info: loaded `english' language definitions on input line 2754.
Package cleveref Info: loaded `english' language definitions on input line 2754.
 [80
pdfTeX warning (ext4): destination with the same identifier (name{table.6.27}) has been already used, duplicate ignored
<argument> ...shipout:D \box_use:N \l_shipout_box 
                                                  \__shipout_drop_firstpage_...
l.2754 
       ]
Underfull \vbox (badness 10000) has occurred while \output is active []

Package cleveref Info: loaded `english' language definitions on input line 2798.
Package cleveref Info: loaded `english' language definitions on input line 2798.
 [81
pdfTeX warning (ext4): destination with the same identifier (name{table.6.28}) has been already used, duplicate ignored
<argument> ...shipout:D \box_use:N \l_shipout_box 
                                                  \__shipout_drop_firstpage_...
l.2798 
       ]
Underfull \vbox (badness 10000) has occurred while \output is active []

Package cleveref Info: loaded `english' language definitions on input line 2842.
Package cleveref Info: loaded `english' language definitions on input line 2842.
 [82
pdfTeX warning (ext4): destination with the same identifier (name{table.6.29}) has been already used, duplicate ignored
<argument> ...shipout:D \box_use:N \l_shipout_box 
                                                  \__shipout_drop_firstpage_...
l.2842 
       ]
Package cleveref Info: loaded `english' language definitions on input line 2843.
Package cleveref Info: loaded `english' language definitions on input line 2843.
 [83
pdfTeX warning (ext4): destination with the same identifier (name{table.6.30}) has been already used, duplicate ignored
<argument> ...shipout:D \box_use:N \l_shipout_box 
                                                  \__shipout_drop_firstpage_...
l.2843 \chapter
               {Conclusioni}]
Package cleveref Info: loaded `english' language definitions on input line 2843.
Package cleveref Info: loaded `english' language definitions on input line 2843.
 [84

]
Chapter 7.
Package cleveref Info: loaded `english' language definitions on input line 2850.
[85]
Package cleveref Info: loaded `english' language definitions on input line 2850.
 [86

]

Package hyperref Warning: The anchor of a bookmark and its parent's must not
(hyperref)                be the same. Added a new anchor on input line 2855.

(thesis-main.bbl
Package cleveref Info: loaded `english' language definitions on input line 44.
 [87

]
Underfull \hbox (badness 1242) in paragraph at lines 94--97
[]\OT1/cmr/m/n/12 Demeulemeester, E. L. and Her-roe-len,
 []

Package cleveref Info: loaded `english' language definitions on input line 102.
Package cleveref Info: loaded `english' language definitions on input line 102.
[88]
Package cleveref Info: loaded `english' language definitions on input line 152.
Package cleveref Info: loaded `english' language definitions on input line 152.
 [89]
Package cleveref Info: loaded `english' language definitions on input line 209.
Package cleveref Info: loaded `english' language definitions on input line 209.
 [90])
Package cleveref Info: loaded `english' language definitions on input line 2858.
Package cleveref Info: loaded `english' language definitions on input line 2858.
 [91]
Package cleveref Info: loaded `english' language definitions on input line 2858.
Package cleveref Info: loaded `english' language definitions on input line 2858.
 [92

]
Package cleveref Info: loaded `english' language definitions on input line 2862.
 [93] (thesis-main.aux
Package cleveref Info: loaded `english' language definitions on input line 10.
)
 ***********
LaTeX2e <2023-11-01> patch level 1
L3 programming layer <2024-01-04>
 ***********
Package rerunfilecheck Info: File `thesis-main.out' has not changed.
(rerunfilecheck)             Checksum: C9E9E2132ED46B7C372001C31A52A99A;8801.
 ) 
Here is how much of TeX's memory you used:
 28138 strings out of 474486
 518962 string characters out of 5743754
 2180542 words of memory out of 5000000
 49517 multiletter control sequences out of 15000+600000
 572778 words of font info for 89 fonts, out of 8000000 for 9000
 1141 hyphenation exceptions out of 8191
 114i,19n,115p,1724b,1569s stack positions out of 10000i,1000n,20000p,200000b,200000s
 <C:\Users\danie\AppData\Local\MiKTeX\fonts/pk/ljfour/jknappen/ec/dpi600\tctt1095.pk> <C:\Users\danie\AppData\Local\MiKTeX\fonts/pk/ljfour/jknappen/ec/dpi600\tcrm1200.pk><C:/Users/danie/AppData/Local/Programs/MiKTeX/fonts/type1/public/amsfonts/cm/cmbx12.pfb><C:/Users/danie/AppData/Local/Programs/MiKTeX/fonts/type1/public/amsfonts/cm/cmbx8.pfb><C:/Users/danie/AppData/Local/Programs/MiKTeX/fonts/type1/public/amsfonts/cm/cmcsc10.pfb><C:/Users/danie/AppData/Local/Programs/MiKTeX/fonts/type1/public/amsfonts/cm/cmex10.pfb><C:/Users/danie/AppData/Local/Programs/MiKTeX/fonts/type1/public/amsfonts/cm/cmmi12.pfb><C:/Users/danie/AppData/Local/Programs/MiKTeX/fonts/type1/public/amsfonts/cm/cmmi6.pfb><C:/Users/danie/AppData/Local/Programs/MiKTeX/fonts/type1/public/amsfonts/cm/cmmi8.pfb><C:/Users/danie/AppData/Local/Programs/MiKTeX/fonts/type1/public/amsfonts/cm/cmmib10.pfb><C:/Users/danie/AppData/Local/Programs/MiKTeX/fonts/type1/public/amsfonts/cmextra/cmmib8.pfb><C:/Users/danie/AppData/Local/Programs/MiKTeX/fonts/type1/public/amsfonts/cm/cmr10.pfb><C:/Users/danie/AppData/Local/Programs/MiKTeX/fonts/type1/public/amsfonts/cm/cmr12.pfb><C:/Users/danie/AppData/Local/Programs/MiKTeX/fonts/type1/public/amsfonts/cm/cmr17.pfb><C:/Users/danie/AppData/Local/Programs/MiKTeX/fonts/type1/public/amsfonts/cm/cmr6.pfb><C:/Users/danie/AppData/Local/Programs/MiKTeX/fonts/type1/public/amsfonts/cm/cmr8.pfb><C:/Users/danie/AppData/Local/Programs/MiKTeX/fonts/type1/public/amsfonts/cm/cmsy10.pfb><C:/Users/danie/AppData/Local/Programs/MiKTeX/fonts/type1/public/amsfonts/cm/cmsy6.pfb><C:/Users/danie/AppData/Local/Programs/MiKTeX/fonts/type1/public/amsfonts/cm/cmsy8.pfb><C:/Users/danie/AppData/Local/Programs/MiKTeX/fonts/type1/public/amsfonts/cm/cmti12.pfb><C:/Users/danie/AppData/Local/Programs/MiKTeX/fonts/type1/public/amsfonts/cm/cmtt10.pfb><C:/Users/danie/AppData/Local/Programs/MiKTeX/fonts/type1/public/amsfonts/cm/cmtt12.pfb><C:/Users/danie/AppData/Local/Programs/MiKTeX/fonts/type1/public/amsfonts/latxfont/lcircle1.pfb><C:/Users/danie/AppData/Local/Programs/MiKTeX/fonts/type1/public/amsfonts/symbols/msbm10.pfb>
Output written on thesis-main.pdf (105 pages, 1103427 bytes).
PDF statistics:
 1385 PDF objects out of 1440 (max. 8388607)
 432 named destinations out of 1000 (max. 500000)
 379 words of extra memory for PDF output out of 10000 (max. 10000000)

